// Jest Snapshot v1, https://goo.gl/fbAQLP

exports[`On initial render, there should be an image and 4 buttons Renders 1`] = `
<DocumentFragment>
  <div
    class="landing-page"
  >
    <div
      class="img-placeholder"
      data-testid="landing-image"
    />
    <h1
      class="logo-placeholder"
    >
      Bootcamper
    </h1>
    <div
      class="single-button"
    >
      <button
        type="button"
      >
        Sign Up
      </button>
    </div>
    <div
      class="single-button"
    >
      <button
        type="button"
      >
        Log In
      </button>
    </div>
    <h5>
      Want to take a test drive first?
    </h5>
    <div
      class="single-button"
    >
      <button
        type="button"
      >
        Try it!
      </button>
    </div>
    <h6>
      Help | Contact
    </h6>
  </div>
</DocumentFragment>
`;
